border_size=1
usage=map

Ch          , Ch          , Ch          , Ch          , Gg          , Gg          , Gg          , Gg          , Gg          , Gg          , Gg          , Gg          
1 Ch          , Kh        , Ch      , Re          , Re          , Re          , Re          , Gg         , Gg         , Gg          , Gg         , Gg          
Gg          , Sw          , Ch          , Sw          , Gg          , Gg          , Sw          , Gg          , Gg          , Gg          , Sw          , Sw          
Sw          , Sw          , Gg          , Sw          , Gg          , Sw          , Sw          , Gg          , Gg          , Gg          , Gg          , Gg          
Gg          , Gg^Fd          , Gg^Fd          , Gg          , Gg          , Gg          , Gg^Fd          , Gg^Fd          , Gg          , Gg          , Gg          , Gg          
Gg          , Gg          , Gg          , Gg          , Gg          , Gg          , Gg          , Gg          , Gg          , Gg          , Gg          , Gg          
Gg          , Gg          , Gg          , Gg          , Gg          , Gg^Fd          , Gg^Fd          , Gg          , Gg          , Gg          , Gg          , Gg          
Gg          , Gg          , Gg          , Gg          , Gg          , Gg          , Gg          , Gg          , Gg          , Gg          , Gg          , Gg          
Gg          , Gg          , Gg          , Gg          , Gg          , Gg          , Gg          , Gg          , Gg          , 2 Gg        , Gg          , Gg          
Gg          , Gg          , Gg          , Gg          , Gg          , Gg          , Gg          , Gg          , Gg          , Gg          , Gg          , Gg          
Gg          , Gg          , Gg          , Gg          , Gg          , Gg          , Gg          , Gg          , Gg          , Gg          , Gg          , Gg          
Gg          , Gg          , Gg          , Gg          , Gg          , Gg          , Gg          , Gg          , Gg          , Gg          , Gg          , Gg          
